// Jest Snapshot v1, https://goo.gl/fbAQLP

exports[`Aliases endpoint:  fetch is called with correct params#1 1`] = `
Array [
  "NODE_URL/aliases?address=address",
  Object {
    "method": "GET",
  },
]
`;

exports[`Aliases endpoint:  fetch is called with correct params#1 2`] = `
Array [
  "NODE_URL/aliases?address=address&showBroken=true",
  Object {
    "method": "GET",
  },
]
`;

exports[`Aliases endpoint:  fetch is called with correct params#2 1`] = `
Array [
  "NODE_URL/aliases/id",
  Object {
    "method": "GET",
  },
]
`;

exports[`Asssets endpoint:  fetch is called with correct params#1 1`] = `
Array [
  "NODE_URL/assets?ids=4CYRBpSmNKqmw1PoKFoZADv5FaciyJcusqrHyPrAQ4Ca&ids=AENTt5heWujAzcw7PmGXi1ekRc7CAmNm87Q1xZMYXGLa",
  Object {
    "method": "GET",
  },
]
`;

exports[`Asssets endpoint:  fetch is called with correct params#2 1`] = `
Array [
  "NODE_URL/assets?ids=4CYRBpSmNKqmw1PoKFoZADv5FaciyJcusqrHyPrAQ4Ca",
  Object {
    "method": "GET",
  },
]
`;

exports[`Asssets endpoint:  fetch is called with correct params#3 1`] = `
Array [
  "NODE_URL/assets",
  Object {
    "method": "GET",
  },
]
`;

exports[`Asssets endpoint:  fetch is called with correct params#4 1`] = `
Array [
  "NODE_URL/assets?ticker=WAVES",
  Object {
    "method": "GET",
  },
]
`;

exports[`Asssets endpoint:  fetch is called with correct params#5 1`] = `
Array [
  "NODE_URL/assets?ticker=*",
  Object {
    "method": "GET",
  },
]
`;

exports[`Candles endpoint:  fetch is called with correct params#1 1`] = `
Array [
  "NODE_URL/candles/AMOUNTASSETID/PRICEASSETID?timeStart=2018-12-01&timeEnd=2018-12-31&interval=1h&matcher=123",
  Object {
    "method": "GET",
  },
]
`;

exports[`Candles endpoint:  fetch is called with correct params#2 1`] = `
Array [
  "NODE_URL/candles/AMOUNTASSETID/PRICEASSETID?timeStart=2018-12-01&interval=1h&matcher=123",
  Object {
    "method": "GET",
  },
]
`;

exports[`ExchangeTxs endpoint:  works with (empty call) 1`] = `
Array [
  "NODE_URL/transactions/exchange",
  Object {
    "method": "GET",
  },
]
`;

exports[`ExchangeTxs endpoint:  works with (single string) 1`] = `
Array [
  "NODE_URL/transactions/exchange/8LQW8f7P5d5PZM7GtZEBgaqRPGSzS3DfPuiXrURJ4AJS",
  Object {
    "method": "GET",
  },
]
`;

exports[`ExchangeTxs endpoint:  works with (with all filters) 1`] = `
Array [
  "NODE_URL/transactions/exchange?timeStart=2016-02-01&timeEnd=2016-03-01&matcher=matcher&sender=sender&amountAsset=asset1&priceAsset=priceAsset&limit=5&sort=-some",
  Object {
    "method": "GET",
  },
]
`;

exports[`ExchangeTxs endpoint:  works with (with one filter) 1`] = `
Array [
  "NODE_URL/transactions/exchange?timeStart=2016-01-01",
  Object {
    "method": "GET",
  },
]
`;

exports[`Long params transforms into POST request works 1`] = `
Array [
  "NODE_URL/assets",
  Object {
    "body": "{\\"ids\\":[\\"AENTt5heWujAzcw7PmGXi1ekRc7CAmNm87Q1xZMYXGLa\\",\\"AENTt5heWujAzcw7PmGXi1ekRc7CAmNm87Q1xZMYXGLa\\",\\"AENTt5heWujAzcw7PmGXi1ekRc7CAmNm87Q1xZMYXGLa\\",\\"AENTt5heWujAzcw7PmGXi1ekRc7CAmNm87Q1xZMYXGLa\\",\\"AENTt5heWujAzcw7PmGXi1ekRc7CAmNm87Q1xZMYXGLa\\",\\"AENTt5heWujAzcw7PmGXi1ekRc7CAmNm87Q1xZMYXGLa\\",\\"AENTt5heWujAzcw7PmGXi1ekRc7CAmNm87Q1xZMYXGLa\\",\\"AENTt5heWujAzcw7PmGXi1ekRc7CAmNm87Q1xZMYXGLa\\",\\"AENTt5heWujAzcw7PmGXi1ekRc7CAmNm87Q1xZMYXGLa\\",\\"AENTt5heWujAzcw7PmGXi1ekRc7CAmNm87Q1xZMYXGLa\\",\\"AENTt5heWujAzcw7PmGXi1ekRc7CAmNm87Q1xZMYXGLa\\",\\"AENTt5heWujAzcw7PmGXi1ekRc7CAmNm87Q1xZMYXGLa\\",\\"AENTt5heWujAzcw7PmGXi1ekRc7CAmNm87Q1xZMYXGLa\\",\\"AENTt5heWujAzcw7PmGXi1ekRc7CAmNm87Q1xZMYXGLa\\",\\"AENTt5heWujAzcw7PmGXi1ekRc7CAmNm87Q1xZMYXGLa\\",\\"AENTt5heWujAzcw7PmGXi1ekRc7CAmNm87Q1xZMYXGLa\\",\\"AENTt5heWujAzcw7PmGXi1ekRc7CAmNm87Q1xZMYXGLa\\",\\"AENTt5heWujAzcw7PmGXi1ekRc7CAmNm87Q1xZMYXGLa\\",\\"AENTt5heWujAzcw7PmGXi1ekRc7CAmNm87Q1xZMYXGLa\\",\\"AENTt5heWujAzcw7PmGXi1ekRc7CAmNm87Q1xZMYXGLa\\",\\"AENTt5heWujAzcw7PmGXi1ekRc7CAmNm87Q1xZMYXGLa\\",\\"AENTt5heWujAzcw7PmGXi1ekRc7CAmNm87Q1xZMYXGLa\\",\\"AENTt5heWujAzcw7PmGXi1ekRc7CAmNm87Q1xZMYXGLa\\",\\"AENTt5heWujAzcw7PmGXi1ekRc7CAmNm87Q1xZMYXGLa\\",\\"AENTt5heWujAzcw7PmGXi1ekRc7CAmNm87Q1xZMYXGLa\\",\\"AENTt5heWujAzcw7PmGXi1ekRc7CAmNm87Q1xZMYXGLa\\",\\"AENTt5heWujAzcw7PmGXi1ekRc7CAmNm87Q1xZMYXGLa\\",\\"AENTt5heWujAzcw7PmGXi1ekRc7CAmNm87Q1xZMYXGLa\\",\\"AENTt5heWujAzcw7PmGXi1ekRc7CAmNm87Q1xZMYXGLa\\",\\"AENTt5heWujAzcw7PmGXi1ekRc7CAmNm87Q1xZMYXGLa\\",\\"AENTt5heWujAzcw7PmGXi1ekRc7CAmNm87Q1xZMYXGLa\\",\\"AENTt5heWujAzcw7PmGXi1ekRc7CAmNm87Q1xZMYXGLa\\",\\"AENTt5heWujAzcw7PmGXi1ekRc7CAmNm87Q1xZMYXGLa\\",\\"AENTt5heWujAzcw7PmGXi1ekRc7CAmNm87Q1xZMYXGLa\\",\\"AENTt5heWujAzcw7PmGXi1ekRc7CAmNm87Q1xZMYXGLa\\",\\"AENTt5heWujAzcw7PmGXi1ekRc7CAmNm87Q1xZMYXGLa\\",\\"AENTt5heWujAzcw7PmGXi1ekRc7CAmNm87Q1xZMYXGLa\\",\\"AENTt5heWujAzcw7PmGXi1ekRc7CAmNm87Q1xZMYXGLa\\",\\"AENTt5heWujAzcw7PmGXi1ekRc7CAmNm87Q1xZMYXGLa\\",\\"AENTt5heWujAzcw7PmGXi1ekRc7CAmNm87Q1xZMYXGLa\\",\\"AENTt5heWujAzcw7PmGXi1ekRc7CAmNm87Q1xZMYXGLa\\",\\"AENTt5heWujAzcw7PmGXi1ekRc7CAmNm87Q1xZMYXGLa\\",\\"AENTt5heWujAzcw7PmGXi1ekRc7CAmNm87Q1xZMYXGLa\\",\\"AENTt5heWujAzcw7PmGXi1ekRc7CAmNm87Q1xZMYXGLa\\",\\"AENTt5heWujAzcw7PmGXi1ekRc7CAmNm87Q1xZMYXGLa\\",\\"AENTt5heWujAzcw7PmGXi1ekRc7CAmNm87Q1xZMYXGLa\\",\\"AENTt5heWujAzcw7PmGXi1ekRc7CAmNm87Q1xZMYXGLa\\",\\"AENTt5heWujAzcw7PmGXi1ekRc7CAmNm87Q1xZMYXGLa\\",\\"AENTt5heWujAzcw7PmGXi1ekRc7CAmNm87Q1xZMYXGLa\\",\\"AENTt5heWujAzcw7PmGXi1ekRc7CAmNm87Q1xZMYXGLa\\",\\"AENTt5heWujAzcw7PmGXi1ekRc7CAmNm87Q1xZMYXGLa\\",\\"AENTt5heWujAzcw7PmGXi1ekRc7CAmNm87Q1xZMYXGLa\\",\\"AENTt5heWujAzcw7PmGXi1ekRc7CAmNm87Q1xZMYXGLa\\",\\"AENTt5heWujAzcw7PmGXi1ekRc7CAmNm87Q1xZMYXGLa\\",\\"AENTt5heWujAzcw7PmGXi1ekRc7CAmNm87Q1xZMYXGLa\\",\\"AENTt5heWujAzcw7PmGXi1ekRc7CAmNm87Q1xZMYXGLa\\",\\"AENTt5heWujAzcw7PmGXi1ekRc7CAmNm87Q1xZMYXGLa\\",\\"AENTt5heWujAzcw7PmGXi1ekRc7CAmNm87Q1xZMYXGLa\\",\\"AENTt5heWujAzcw7PmGXi1ekRc7CAmNm87Q1xZMYXGLa\\",\\"AENTt5heWujAzcw7PmGXi1ekRc7CAmNm87Q1xZMYXGLa\\",\\"AENTt5heWujAzcw7PmGXi1ekRc7CAmNm87Q1xZMYXGLa\\",\\"AENTt5heWujAzcw7PmGXi1ekRc7CAmNm87Q1xZMYXGLa\\",\\"AENTt5heWujAzcw7PmGXi1ekRc7CAmNm87Q1xZMYXGLa\\",\\"AENTt5heWujAzcw7PmGXi1ekRc7CAmNm87Q1xZMYXGLa\\",\\"AENTt5heWujAzcw7PmGXi1ekRc7CAmNm87Q1xZMYXGLa\\",\\"AENTt5heWujAzcw7PmGXi1ekRc7CAmNm87Q1xZMYXGLa\\",\\"AENTt5heWujAzcw7PmGXi1ekRc7CAmNm87Q1xZMYXGLa\\",\\"AENTt5heWujAzcw7PmGXi1ekRc7CAmNm87Q1xZMYXGLa\\",\\"AENTt5heWujAzcw7PmGXi1ekRc7CAmNm87Q1xZMYXGLa\\",\\"AENTt5heWujAzcw7PmGXi1ekRc7CAmNm87Q1xZMYXGLa\\",\\"AENTt5heWujAzcw7PmGXi1ekRc7CAmNm87Q1xZMYXGLa\\",\\"AENTt5heWujAzcw7PmGXi1ekRc7CAmNm87Q1xZMYXGLa\\",\\"AENTt5heWujAzcw7PmGXi1ekRc7CAmNm87Q1xZMYXGLa\\",\\"AENTt5heWujAzcw7PmGXi1ekRc7CAmNm87Q1xZMYXGLa\\",\\"AENTt5heWujAzcw7PmGXi1ekRc7CAmNm87Q1xZMYXGLa\\",\\"AENTt5heWujAzcw7PmGXi1ekRc7CAmNm87Q1xZMYXGLa\\",\\"AENTt5heWujAzcw7PmGXi1ekRc7CAmNm87Q1xZMYXGLa\\",\\"AENTt5heWujAzcw7PmGXi1ekRc7CAmNm87Q1xZMYXGLa\\",\\"AENTt5heWujAzcw7PmGXi1ekRc7CAmNm87Q1xZMYXGLa\\",\\"AENTt5heWujAzcw7PmGXi1ekRc7CAmNm87Q1xZMYXGLa\\",\\"AENTt5heWujAzcw7PmGXi1ekRc7CAmNm87Q1xZMYXGLa\\",\\"AENTt5heWujAzcw7PmGXi1ekRc7CAmNm87Q1xZMYXGLa\\",\\"AENTt5heWujAzcw7PmGXi1ekRc7CAmNm87Q1xZMYXGLa\\",\\"AENTt5heWujAzcw7PmGXi1ekRc7CAmNm87Q1xZMYXGLa\\",\\"AENTt5heWujAzcw7PmGXi1ekRc7CAmNm87Q1xZMYXGLa\\",\\"AENTt5heWujAzcw7PmGXi1ekRc7CAmNm87Q1xZMYXGLa\\",\\"AENTt5heWujAzcw7PmGXi1ekRc7CAmNm87Q1xZMYXGLa\\",\\"AENTt5heWujAzcw7PmGXi1ekRc7CAmNm87Q1xZMYXGLa\\",\\"AENTt5heWujAzcw7PmGXi1ekRc7CAmNm87Q1xZMYXGLa\\",\\"AENTt5heWujAzcw7PmGXi1ekRc7CAmNm87Q1xZMYXGLa\\",\\"AENTt5heWujAzcw7PmGXi1ekRc7CAmNm87Q1xZMYXGLa\\",\\"AENTt5heWujAzcw7PmGXi1ekRc7CAmNm87Q1xZMYXGLa\\",\\"AENTt5heWujAzcw7PmGXi1ekRc7CAmNm87Q1xZMYXGLa\\",\\"AENTt5heWujAzcw7PmGXi1ekRc7CAmNm87Q1xZMYXGLa\\",\\"AENTt5heWujAzcw7PmGXi1ekRc7CAmNm87Q1xZMYXGLa\\",\\"AENTt5heWujAzcw7PmGXi1ekRc7CAmNm87Q1xZMYXGLa\\",\\"AENTt5heWujAzcw7PmGXi1ekRc7CAmNm87Q1xZMYXGLa\\",\\"AENTt5heWujAzcw7PmGXi1ekRc7CAmNm87Q1xZMYXGLa\\",\\"AENTt5heWujAzcw7PmGXi1ekRc7CAmNm87Q1xZMYXGLa\\",\\"AENTt5heWujAzcw7PmGXi1ekRc7CAmNm87Q1xZMYXGLa\\",\\"AENTt5heWujAzcw7PmGXi1ekRc7CAmNm87Q1xZMYXGLa\\",\\"AENTt5heWujAzcw7PmGXi1ekRc7CAmNm87Q1xZMYXGLa\\",\\"AENTt5heWujAzcw7PmGXi1ekRc7CAmNm87Q1xZMYXGLa\\",\\"AENTt5heWujAzcw7PmGXi1ekRc7CAmNm87Q1xZMYXGLa\\",\\"AENTt5heWujAzcw7PmGXi1ekRc7CAmNm87Q1xZMYXGLa\\",\\"AENTt5heWujAzcw7PmGXi1ekRc7CAmNm87Q1xZMYXGLa\\",\\"AENTt5heWujAzcw7PmGXi1ekRc7CAmNm87Q1xZMYXGLa\\",\\"AENTt5heWujAzcw7PmGXi1ekRc7CAmNm87Q1xZMYXGLa\\",\\"AENTt5heWujAzcw7PmGXi1ekRc7CAmNm87Q1xZMYXGLa\\",\\"AENTt5heWujAzcw7PmGXi1ekRc7CAmNm87Q1xZMYXGLa\\",\\"AENTt5heWujAzcw7PmGXi1ekRc7CAmNm87Q1xZMYXGLa\\",\\"AENTt5heWujAzcw7PmGXi1ekRc7CAmNm87Q1xZMYXGLa\\",\\"AENTt5heWujAzcw7PmGXi1ekRc7CAmNm87Q1xZMYXGLa\\",\\"AENTt5heWujAzcw7PmGXi1ekRc7CAmNm87Q1xZMYXGLa\\",\\"AENTt5heWujAzcw7PmGXi1ekRc7CAmNm87Q1xZMYXGLa\\",\\"AENTt5heWujAzcw7PmGXi1ekRc7CAmNm87Q1xZMYXGLa\\",\\"AENTt5heWujAzcw7PmGXi1ekRc7CAmNm87Q1xZMYXGLa\\",\\"AENTt5heWujAzcw7PmGXi1ekRc7CAmNm87Q1xZMYXGLa\\",\\"AENTt5heWujAzcw7PmGXi1ekRc7CAmNm87Q1xZMYXGLa\\",\\"AENTt5heWujAzcw7PmGXi1ekRc7CAmNm87Q1xZMYXGLa\\",\\"AENTt5heWujAzcw7PmGXi1ekRc7CAmNm87Q1xZMYXGLa\\",\\"AENTt5heWujAzcw7PmGXi1ekRc7CAmNm87Q1xZMYXGLa\\",\\"AENTt5heWujAzcw7PmGXi1ekRc7CAmNm87Q1xZMYXGLa\\",\\"AENTt5heWujAzcw7PmGXi1ekRc7CAmNm87Q1xZMYXGLa\\",\\"AENTt5heWujAzcw7PmGXi1ekRc7CAmNm87Q1xZMYXGLa\\",\\"AENTt5heWujAzcw7PmGXi1ekRc7CAmNm87Q1xZMYXGLa\\",\\"AENTt5heWujAzcw7PmGXi1ekRc7CAmNm87Q1xZMYXGLa\\",\\"AENTt5heWujAzcw7PmGXi1ekRc7CAmNm87Q1xZMYXGLa\\",\\"AENTt5heWujAzcw7PmGXi1ekRc7CAmNm87Q1xZMYXGLa\\",\\"AENTt5heWujAzcw7PmGXi1ekRc7CAmNm87Q1xZMYXGLa\\",\\"AENTt5heWujAzcw7PmGXi1ekRc7CAmNm87Q1xZMYXGLa\\",\\"AENTt5heWujAzcw7PmGXi1ekRc7CAmNm87Q1xZMYXGLa\\",\\"AENTt5heWujAzcw7PmGXi1ekRc7CAmNm87Q1xZMYXGLa\\",\\"AENTt5heWujAzcw7PmGXi1ekRc7CAmNm87Q1xZMYXGLa\\",\\"AENTt5heWujAzcw7PmGXi1ekRc7CAmNm87Q1xZMYXGLa\\",\\"AENTt5heWujAzcw7PmGXi1ekRc7CAmNm87Q1xZMYXGLa\\",\\"AENTt5heWujAzcw7PmGXi1ekRc7CAmNm87Q1xZMYXGLa\\",\\"AENTt5heWujAzcw7PmGXi1ekRc7CAmNm87Q1xZMYXGLa\\",\\"AENTt5heWujAzcw7PmGXi1ekRc7CAmNm87Q1xZMYXGLa\\",\\"AENTt5heWujAzcw7PmGXi1ekRc7CAmNm87Q1xZMYXGLa\\",\\"AENTt5heWujAzcw7PmGXi1ekRc7CAmNm87Q1xZMYXGLa\\",\\"AENTt5heWujAzcw7PmGXi1ekRc7CAmNm87Q1xZMYXGLa\\",\\"AENTt5heWujAzcw7PmGXi1ekRc7CAmNm87Q1xZMYXGLa\\",\\"AENTt5heWujAzcw7PmGXi1ekRc7CAmNm87Q1xZMYXGLa\\",\\"AENTt5heWujAzcw7PmGXi1ekRc7CAmNm87Q1xZMYXGLa\\",\\"AENTt5heWujAzcw7PmGXi1ekRc7CAmNm87Q1xZMYXGLa\\",\\"AENTt5heWujAzcw7PmGXi1ekRc7CAmNm87Q1xZMYXGLa\\",\\"AENTt5heWujAzcw7PmGXi1ekRc7CAmNm87Q1xZMYXGLa\\",\\"AENTt5heWujAzcw7PmGXi1ekRc7CAmNm87Q1xZMYXGLa\\",\\"AENTt5heWujAzcw7PmGXi1ekRc7CAmNm87Q1xZMYXGLa\\",\\"AENTt5heWujAzcw7PmGXi1ekRc7CAmNm87Q1xZMYXGLa\\",\\"AENTt5heWujAzcw7PmGXi1ekRc7CAmNm87Q1xZMYXGLa\\",\\"AENTt5heWujAzcw7PmGXi1ekRc7CAmNm87Q1xZMYXGLa\\",\\"AENTt5heWujAzcw7PmGXi1ekRc7CAmNm87Q1xZMYXGLa\\",\\"AENTt5heWujAzcw7PmGXi1ekRc7CAmNm87Q1xZMYXGLa\\",\\"AENTt5heWujAzcw7PmGXi1ekRc7CAmNm87Q1xZMYXGLa\\",\\"AENTt5heWujAzcw7PmGXi1ekRc7CAmNm87Q1xZMYXGLa\\",\\"AENTt5heWujAzcw7PmGXi1ekRc7CAmNm87Q1xZMYXGLa\\",\\"AENTt5heWujAzcw7PmGXi1ekRc7CAmNm87Q1xZMYXGLa\\",\\"AENTt5heWujAzcw7PmGXi1ekRc7CAmNm87Q1xZMYXGLa\\",\\"AENTt5heWujAzcw7PmGXi1ekRc7CAmNm87Q1xZMYXGLa\\",\\"AENTt5heWujAzcw7PmGXi1ekRc7CAmNm87Q1xZMYXGLa\\",\\"AENTt5heWujAzcw7PmGXi1ekRc7CAmNm87Q1xZMYXGLa\\",\\"AENTt5heWujAzcw7PmGXi1ekRc7CAmNm87Q1xZMYXGLa\\",\\"AENTt5heWujAzcw7PmGXi1ekRc7CAmNm87Q1xZMYXGLa\\",\\"AENTt5heWujAzcw7PmGXi1ekRc7CAmNm87Q1xZMYXGLa\\",\\"AENTt5heWujAzcw7PmGXi1ekRc7CAmNm87Q1xZMYXGLa\\",\\"AENTt5heWujAzcw7PmGXi1ekRc7CAmNm87Q1xZMYXGLa\\",\\"AENTt5heWujAzcw7PmGXi1ekRc7CAmNm87Q1xZMYXGLa\\",\\"AENTt5heWujAzcw7PmGXi1ekRc7CAmNm87Q1xZMYXGLa\\",\\"AENTt5heWujAzcw7PmGXi1ekRc7CAmNm87Q1xZMYXGLa\\",\\"AENTt5heWujAzcw7PmGXi1ekRc7CAmNm87Q1xZMYXGLa\\",\\"AENTt5heWujAzcw7PmGXi1ekRc7CAmNm87Q1xZMYXGLa\\",\\"AENTt5heWujAzcw7PmGXi1ekRc7CAmNm87Q1xZMYXGLa\\",\\"AENTt5heWujAzcw7PmGXi1ekRc7CAmNm87Q1xZMYXGLa\\",\\"AENTt5heWujAzcw7PmGXi1ekRc7CAmNm87Q1xZMYXGLa\\",\\"AENTt5heWujAzcw7PmGXi1ekRc7CAmNm87Q1xZMYXGLa\\",\\"AENTt5heWujAzcw7PmGXi1ekRc7CAmNm87Q1xZMYXGLa\\",\\"AENTt5heWujAzcw7PmGXi1ekRc7CAmNm87Q1xZMYXGLa\\",\\"AENTt5heWujAzcw7PmGXi1ekRc7CAmNm87Q1xZMYXGLa\\",\\"AENTt5heWujAzcw7PmGXi1ekRc7CAmNm87Q1xZMYXGLa\\",\\"AENTt5heWujAzcw7PmGXi1ekRc7CAmNm87Q1xZMYXGLa\\",\\"AENTt5heWujAzcw7PmGXi1ekRc7CAmNm87Q1xZMYXGLa\\",\\"AENTt5heWujAzcw7PmGXi1ekRc7CAmNm87Q1xZMYXGLa\\",\\"AENTt5heWujAzcw7PmGXi1ekRc7CAmNm87Q1xZMYXGLa\\",\\"AENTt5heWujAzcw7PmGXi1ekRc7CAmNm87Q1xZMYXGLa\\",\\"AENTt5heWujAzcw7PmGXi1ekRc7CAmNm87Q1xZMYXGLa\\",\\"AENTt5heWujAzcw7PmGXi1ekRc7CAmNm87Q1xZMYXGLa\\",\\"AENTt5heWujAzcw7PmGXi1ekRc7CAmNm87Q1xZMYXGLa\\",\\"AENTt5heWujAzcw7PmGXi1ekRc7CAmNm87Q1xZMYXGLa\\",\\"AENTt5heWujAzcw7PmGXi1ekRc7CAmNm87Q1xZMYXGLa\\",\\"AENTt5heWujAzcw7PmGXi1ekRc7CAmNm87Q1xZMYXGLa\\",\\"AENTt5heWujAzcw7PmGXi1ekRc7CAmNm87Q1xZMYXGLa\\",\\"AENTt5heWujAzcw7PmGXi1ekRc7CAmNm87Q1xZMYXGLa\\",\\"AENTt5heWujAzcw7PmGXi1ekRc7CAmNm87Q1xZMYXGLa\\",\\"AENTt5heWujAzcw7PmGXi1ekRc7CAmNm87Q1xZMYXGLa\\",\\"AENTt5heWujAzcw7PmGXi1ekRc7CAmNm87Q1xZMYXGLa\\",\\"AENTt5heWujAzcw7PmGXi1ekRc7CAmNm87Q1xZMYXGLa\\",\\"AENTt5heWujAzcw7PmGXi1ekRc7CAmNm87Q1xZMYXGLa\\",\\"AENTt5heWujAzcw7PmGXi1ekRc7CAmNm87Q1xZMYXGLa\\",\\"AENTt5heWujAzcw7PmGXi1ekRc7CAmNm87Q1xZMYXGLa\\",\\"AENTt5heWujAzcw7PmGXi1ekRc7CAmNm87Q1xZMYXGLa\\",\\"AENTt5heWujAzcw7PmGXi1ekRc7CAmNm87Q1xZMYXGLa\\",\\"AENTt5heWujAzcw7PmGXi1ekRc7CAmNm87Q1xZMYXGLa\\",\\"AENTt5heWujAzcw7PmGXi1ekRc7CAmNm87Q1xZMYXGLa\\",\\"AENTt5heWujAzcw7PmGXi1ekRc7CAmNm87Q1xZMYXGLa\\",\\"AENTt5heWujAzcw7PmGXi1ekRc7CAmNm87Q1xZMYXGLa\\",\\"AENTt5heWujAzcw7PmGXi1ekRc7CAmNm87Q1xZMYXGLa\\",\\"AENTt5heWujAzcw7PmGXi1ekRc7CAmNm87Q1xZMYXGLa\\",\\"AENTt5heWujAzcw7PmGXi1ekRc7CAmNm87Q1xZMYXGLa\\",\\"AENTt5heWujAzcw7PmGXi1ekRc7CAmNm87Q1xZMYXGLa\\",\\"AENTt5heWujAzcw7PmGXi1ekRc7CAmNm87Q1xZMYXGLa\\",\\"AENTt5heWujAzcw7PmGXi1ekRc7CAmNm87Q1xZMYXGLa\\",\\"AENTt5heWujAzcw7PmGXi1ekRc7CAmNm87Q1xZMYXGLa\\",\\"AENTt5heWujAzcw7PmGXi1ekRc7CAmNm87Q1xZMYXGLa\\",\\"AENTt5heWujAzcw7PmGXi1ekRc7CAmNm87Q1xZMYXGLa\\",\\"AENTt5heWujAzcw7PmGXi1ekRc7CAmNm87Q1xZMYXGLa\\",\\"AENTt5heWujAzcw7PmGXi1ekRc7CAmNm87Q1xZMYXGLa\\",\\"AENTt5heWujAzcw7PmGXi1ekRc7CAmNm87Q1xZMYXGLa\\",\\"AENTt5heWujAzcw7PmGXi1ekRc7CAmNm87Q1xZMYXGLa\\",\\"AENTt5heWujAzcw7PmGXi1ekRc7CAmNm87Q1xZMYXGLa\\",\\"AENTt5heWujAzcw7PmGXi1ekRc7CAmNm87Q1xZMYXGLa\\",\\"AENTt5heWujAzcw7PmGXi1ekRc7CAmNm87Q1xZMYXGLa\\",\\"AENTt5heWujAzcw7PmGXi1ekRc7CAmNm87Q1xZMYXGLa\\",\\"AENTt5heWujAzcw7PmGXi1ekRc7CAmNm87Q1xZMYXGLa\\",\\"AENTt5heWujAzcw7PmGXi1ekRc7CAmNm87Q1xZMYXGLa\\",\\"AENTt5heWujAzcw7PmGXi1ekRc7CAmNm87Q1xZMYXGLa\\",\\"AENTt5heWujAzcw7PmGXi1ekRc7CAmNm87Q1xZMYXGLa\\",\\"AENTt5heWujAzcw7PmGXi1ekRc7CAmNm87Q1xZMYXGLa\\",\\"AENTt5heWujAzcw7PmGXi1ekRc7CAmNm87Q1xZMYXGLa\\",\\"AENTt5heWujAzcw7PmGXi1ekRc7CAmNm87Q1xZMYXGLa\\",\\"AENTt5heWujAzcw7PmGXi1ekRc7CAmNm87Q1xZMYXGLa\\",\\"AENTt5heWujAzcw7PmGXi1ekRc7CAmNm87Q1xZMYXGLa\\",\\"AENTt5heWujAzcw7PmGXi1ekRc7CAmNm87Q1xZMYXGLa\\",\\"AENTt5heWujAzcw7PmGXi1ekRc7CAmNm87Q1xZMYXGLa\\",\\"AENTt5heWujAzcw7PmGXi1ekRc7CAmNm87Q1xZMYXGLa\\",\\"AENTt5heWujAzcw7PmGXi1ekRc7CAmNm87Q1xZMYXGLa\\",\\"AENTt5heWujAzcw7PmGXi1ekRc7CAmNm87Q1xZMYXGLa\\",\\"AENTt5heWujAzcw7PmGXi1ekRc7CAmNm87Q1xZMYXGLa\\",\\"AENTt5heWujAzcw7PmGXi1ekRc7CAmNm87Q1xZMYXGLa\\",\\"AENTt5heWujAzcw7PmGXi1ekRc7CAmNm87Q1xZMYXGLa\\",\\"AENTt5heWujAzcw7PmGXi1ekRc7CAmNm87Q1xZMYXGLa\\",\\"AENTt5heWujAzcw7PmGXi1ekRc7CAmNm87Q1xZMYXGLa\\",\\"AENTt5heWujAzcw7PmGXi1ekRc7CAmNm87Q1xZMYXGLa\\",\\"AENTt5heWujAzcw7PmGXi1ekRc7CAmNm87Q1xZMYXGLa\\",\\"AENTt5heWujAzcw7PmGXi1ekRc7CAmNm87Q1xZMYXGLa\\",\\"AENTt5heWujAzcw7PmGXi1ekRc7CAmNm87Q1xZMYXGLa\\",\\"AENTt5heWujAzcw7PmGXi1ekRc7CAmNm87Q1xZMYXGLa\\",\\"AENTt5heWujAzcw7PmGXi1ekRc7CAmNm87Q1xZMYXGLa\\",\\"AENTt5heWujAzcw7PmGXi1ekRc7CAmNm87Q1xZMYXGLa\\",\\"AENTt5heWujAzcw7PmGXi1ekRc7CAmNm87Q1xZMYXGLa\\",\\"AENTt5heWujAzcw7PmGXi1ekRc7CAmNm87Q1xZMYXGLa\\",\\"AENTt5heWujAzcw7PmGXi1ekRc7CAmNm87Q1xZMYXGLa\\",\\"AENTt5heWujAzcw7PmGXi1ekRc7CAmNm87Q1xZMYXGLa\\",\\"AENTt5heWujAzcw7PmGXi1ekRc7CAmNm87Q1xZMYXGLa\\",\\"AENTt5heWujAzcw7PmGXi1ekRc7CAmNm87Q1xZMYXGLa\\",\\"AENTt5heWujAzcw7PmGXi1ekRc7CAmNm87Q1xZMYXGLa\\",\\"AENTt5heWujAzcw7PmGXi1ekRc7CAmNm87Q1xZMYXGLa\\",\\"AENTt5heWujAzcw7PmGXi1ekRc7CAmNm87Q1xZMYXGLa\\",\\"AENTt5heWujAzcw7PmGXi1ekRc7CAmNm87Q1xZMYXGLa\\",\\"AENTt5heWujAzcw7PmGXi1ekRc7CAmNm87Q1xZMYXGLa\\",\\"AENTt5heWujAzcw7PmGXi1ekRc7CAmNm87Q1xZMYXGLa\\",\\"AENTt5heWujAzcw7PmGXi1ekRc7CAmNm87Q1xZMYXGLa\\",\\"AENTt5heWujAzcw7PmGXi1ekRc7CAmNm87Q1xZMYXGLa\\",\\"AENTt5heWujAzcw7PmGXi1ekRc7CAmNm87Q1xZMYXGLa\\",\\"AENTt5heWujAzcw7PmGXi1ekRc7CAmNm87Q1xZMYXGLa\\",\\"AENTt5heWujAzcw7PmGXi1ekRc7CAmNm87Q1xZMYXGLa\\",\\"AENTt5heWujAzcw7PmGXi1ekRc7CAmNm87Q1xZMYXGLa\\",\\"AENTt5heWujAzcw7PmGXi1ekRc7CAmNm87Q1xZMYXGLa\\",\\"AENTt5heWujAzcw7PmGXi1ekRc7CAmNm87Q1xZMYXGLa\\",\\"AENTt5heWujAzcw7PmGXi1ekRc7CAmNm87Q1xZMYXGLa\\",\\"AENTt5heWujAzcw7PmGXi1ekRc7CAmNm87Q1xZMYXGLa\\",\\"AENTt5heWujAzcw7PmGXi1ekRc7CAmNm87Q1xZMYXGLa\\",\\"AENTt5heWujAzcw7PmGXi1ekRc7CAmNm87Q1xZMYXGLa\\",\\"AENTt5heWujAzcw7PmGXi1ekRc7CAmNm87Q1xZMYXGLa\\",\\"AENTt5heWujAzcw7PmGXi1ekRc7CAmNm87Q1xZMYXGLa\\",\\"AENTt5heWujAzcw7PmGXi1ekRc7CAmNm87Q1xZMYXGLa\\",\\"AENTt5heWujAzcw7PmGXi1ekRc7CAmNm87Q1xZMYXGLa\\",\\"AENTt5heWujAzcw7PmGXi1ekRc7CAmNm87Q1xZMYXGLa\\",\\"AENTt5heWujAzcw7PmGXi1ekRc7CAmNm87Q1xZMYXGLa\\",\\"AENTt5heWujAzcw7PmGXi1ekRc7CAmNm87Q1xZMYXGLa\\",\\"AENTt5heWujAzcw7PmGXi1ekRc7CAmNm87Q1xZMYXGLa\\",\\"AENTt5heWujAzcw7PmGXi1ekRc7CAmNm87Q1xZMYXGLa\\",\\"AENTt5heWujAzcw7PmGXi1ekRc7CAmNm87Q1xZMYXGLa\\",\\"AENTt5heWujAzcw7PmGXi1ekRc7CAmNm87Q1xZMYXGLa\\",\\"AENTt5heWujAzcw7PmGXi1ekRc7CAmNm87Q1xZMYXGLa\\",\\"AENTt5heWujAzcw7PmGXi1ekRc7CAmNm87Q1xZMYXGLa\\",\\"AENTt5heWujAzcw7PmGXi1ekRc7CAmNm87Q1xZMYXGLa\\",\\"AENTt5heWujAzcw7PmGXi1ekRc7CAmNm87Q1xZMYXGLa\\",\\"AENTt5heWujAzcw7PmGXi1ekRc7CAmNm87Q1xZMYXGLa\\",\\"AENTt5heWujAzcw7PmGXi1ekRc7CAmNm87Q1xZMYXGLa\\",\\"AENTt5heWujAzcw7PmGXi1ekRc7CAmNm87Q1xZMYXGLa\\",\\"AENTt5heWujAzcw7PmGXi1ekRc7CAmNm87Q1xZMYXGLa\\",\\"AENTt5heWujAzcw7PmGXi1ekRc7CAmNm87Q1xZMYXGLa\\",\\"AENTt5heWujAzcw7PmGXi1ekRc7CAmNm87Q1xZMYXGLa\\",\\"AENTt5heWujAzcw7PmGXi1ekRc7CAmNm87Q1xZMYXGLa\\",\\"AENTt5heWujAzcw7PmGXi1ekRc7CAmNm87Q1xZMYXGLa\\",\\"AENTt5heWujAzcw7PmGXi1ekRc7CAmNm87Q1xZMYXGLa\\",\\"AENTt5heWujAzcw7PmGXi1ekRc7CAmNm87Q1xZMYXGLa\\",\\"AENTt5heWujAzcw7PmGXi1ekRc7CAmNm87Q1xZMYXGLa\\"]}",
    "headers": Object {
      "Accept": "application/json, text/plain, */*",
      "Content-Type": "application/json",
    },
    "method": "POST",
  },
]
`;

exports[`Long params transforms into POST request works for pairs 1`] = `
Array [
  "NODE_URL/pairs",
  Object {
    "body": "{\\"pairs\\":[\\"WAVES/8LQW8f7P5d5PZM7GtZEBgaqRPGSzS3DfPuiXrURJ4AJS\\",\\"WAVES/8LQW8f7P5d5PZM7GtZEBgaqRPGSzS3DfPuiXrURJ4AJS\\",\\"WAVES/8LQW8f7P5d5PZM7GtZEBgaqRPGSzS3DfPuiXrURJ4AJS\\",\\"WAVES/8LQW8f7P5d5PZM7GtZEBgaqRPGSzS3DfPuiXrURJ4AJS\\",\\"WAVES/8LQW8f7P5d5PZM7GtZEBgaqRPGSzS3DfPuiXrURJ4AJS\\",\\"WAVES/8LQW8f7P5d5PZM7GtZEBgaqRPGSzS3DfPuiXrURJ4AJS\\",\\"WAVES/8LQW8f7P5d5PZM7GtZEBgaqRPGSzS3DfPuiXrURJ4AJS\\",\\"WAVES/8LQW8f7P5d5PZM7GtZEBgaqRPGSzS3DfPuiXrURJ4AJS\\",\\"WAVES/8LQW8f7P5d5PZM7GtZEBgaqRPGSzS3DfPuiXrURJ4AJS\\",\\"WAVES/8LQW8f7P5d5PZM7GtZEBgaqRPGSzS3DfPuiXrURJ4AJS\\",\\"WAVES/8LQW8f7P5d5PZM7GtZEBgaqRPGSzS3DfPuiXrURJ4AJS\\",\\"WAVES/8LQW8f7P5d5PZM7GtZEBgaqRPGSzS3DfPuiXrURJ4AJS\\",\\"WAVES/8LQW8f7P5d5PZM7GtZEBgaqRPGSzS3DfPuiXrURJ4AJS\\",\\"WAVES/8LQW8f7P5d5PZM7GtZEBgaqRPGSzS3DfPuiXrURJ4AJS\\",\\"WAVES/8LQW8f7P5d5PZM7GtZEBgaqRPGSzS3DfPuiXrURJ4AJS\\",\\"WAVES/8LQW8f7P5d5PZM7GtZEBgaqRPGSzS3DfPuiXrURJ4AJS\\",\\"WAVES/8LQW8f7P5d5PZM7GtZEBgaqRPGSzS3DfPuiXrURJ4AJS\\",\\"WAVES/8LQW8f7P5d5PZM7GtZEBgaqRPGSzS3DfPuiXrURJ4AJS\\",\\"WAVES/8LQW8f7P5d5PZM7GtZEBgaqRPGSzS3DfPuiXrURJ4AJS\\",\\"WAVES/8LQW8f7P5d5PZM7GtZEBgaqRPGSzS3DfPuiXrURJ4AJS\\",\\"WAVES/8LQW8f7P5d5PZM7GtZEBgaqRPGSzS3DfPuiXrURJ4AJS\\",\\"WAVES/8LQW8f7P5d5PZM7GtZEBgaqRPGSzS3DfPuiXrURJ4AJS\\",\\"WAVES/8LQW8f7P5d5PZM7GtZEBgaqRPGSzS3DfPuiXrURJ4AJS\\",\\"WAVES/8LQW8f7P5d5PZM7GtZEBgaqRPGSzS3DfPuiXrURJ4AJS\\",\\"WAVES/8LQW8f7P5d5PZM7GtZEBgaqRPGSzS3DfPuiXrURJ4AJS\\",\\"WAVES/8LQW8f7P5d5PZM7GtZEBgaqRPGSzS3DfPuiXrURJ4AJS\\",\\"WAVES/8LQW8f7P5d5PZM7GtZEBgaqRPGSzS3DfPuiXrURJ4AJS\\",\\"WAVES/8LQW8f7P5d5PZM7GtZEBgaqRPGSzS3DfPuiXrURJ4AJS\\",\\"WAVES/8LQW8f7P5d5PZM7GtZEBgaqRPGSzS3DfPuiXrURJ4AJS\\",\\"WAVES/8LQW8f7P5d5PZM7GtZEBgaqRPGSzS3DfPuiXrURJ4AJS\\",\\"WAVES/8LQW8f7P5d5PZM7GtZEBgaqRPGSzS3DfPuiXrURJ4AJS\\",\\"WAVES/8LQW8f7P5d5PZM7GtZEBgaqRPGSzS3DfPuiXrURJ4AJS\\",\\"WAVES/8LQW8f7P5d5PZM7GtZEBgaqRPGSzS3DfPuiXrURJ4AJS\\",\\"WAVES/8LQW8f7P5d5PZM7GtZEBgaqRPGSzS3DfPuiXrURJ4AJS\\",\\"WAVES/8LQW8f7P5d5PZM7GtZEBgaqRPGSzS3DfPuiXrURJ4AJS\\",\\"WAVES/8LQW8f7P5d5PZM7GtZEBgaqRPGSzS3DfPuiXrURJ4AJS\\",\\"WAVES/8LQW8f7P5d5PZM7GtZEBgaqRPGSzS3DfPuiXrURJ4AJS\\",\\"WAVES/8LQW8f7P5d5PZM7GtZEBgaqRPGSzS3DfPuiXrURJ4AJS\\",\\"WAVES/8LQW8f7P5d5PZM7GtZEBgaqRPGSzS3DfPuiXrURJ4AJS\\",\\"WAVES/8LQW8f7P5d5PZM7GtZEBgaqRPGSzS3DfPuiXrURJ4AJS\\",\\"WAVES/8LQW8f7P5d5PZM7GtZEBgaqRPGSzS3DfPuiXrURJ4AJS\\",\\"WAVES/8LQW8f7P5d5PZM7GtZEBgaqRPGSzS3DfPuiXrURJ4AJS\\",\\"WAVES/8LQW8f7P5d5PZM7GtZEBgaqRPGSzS3DfPuiXrURJ4AJS\\",\\"WAVES/8LQW8f7P5d5PZM7GtZEBgaqRPGSzS3DfPuiXrURJ4AJS\\",\\"WAVES/8LQW8f7P5d5PZM7GtZEBgaqRPGSzS3DfPuiXrURJ4AJS\\",\\"WAVES/8LQW8f7P5d5PZM7GtZEBgaqRPGSzS3DfPuiXrURJ4AJS\\",\\"WAVES/8LQW8f7P5d5PZM7GtZEBgaqRPGSzS3DfPuiXrURJ4AJS\\",\\"WAVES/8LQW8f7P5d5PZM7GtZEBgaqRPGSzS3DfPuiXrURJ4AJS\\",\\"WAVES/8LQW8f7P5d5PZM7GtZEBgaqRPGSzS3DfPuiXrURJ4AJS\\",\\"WAVES/8LQW8f7P5d5PZM7GtZEBgaqRPGSzS3DfPuiXrURJ4AJS\\",\\"WAVES/8LQW8f7P5d5PZM7GtZEBgaqRPGSzS3DfPuiXrURJ4AJS\\",\\"WAVES/8LQW8f7P5d5PZM7GtZEBgaqRPGSzS3DfPuiXrURJ4AJS\\",\\"WAVES/8LQW8f7P5d5PZM7GtZEBgaqRPGSzS3DfPuiXrURJ4AJS\\",\\"WAVES/8LQW8f7P5d5PZM7GtZEBgaqRPGSzS3DfPuiXrURJ4AJS\\",\\"WAVES/8LQW8f7P5d5PZM7GtZEBgaqRPGSzS3DfPuiXrURJ4AJS\\",\\"WAVES/8LQW8f7P5d5PZM7GtZEBgaqRPGSzS3DfPuiXrURJ4AJS\\",\\"WAVES/8LQW8f7P5d5PZM7GtZEBgaqRPGSzS3DfPuiXrURJ4AJS\\",\\"WAVES/8LQW8f7P5d5PZM7GtZEBgaqRPGSzS3DfPuiXrURJ4AJS\\",\\"WAVES/8LQW8f7P5d5PZM7GtZEBgaqRPGSzS3DfPuiXrURJ4AJS\\",\\"WAVES/8LQW8f7P5d5PZM7GtZEBgaqRPGSzS3DfPuiXrURJ4AJS\\",\\"WAVES/8LQW8f7P5d5PZM7GtZEBgaqRPGSzS3DfPuiXrURJ4AJS\\",\\"WAVES/8LQW8f7P5d5PZM7GtZEBgaqRPGSzS3DfPuiXrURJ4AJS\\",\\"WAVES/8LQW8f7P5d5PZM7GtZEBgaqRPGSzS3DfPuiXrURJ4AJS\\",\\"WAVES/8LQW8f7P5d5PZM7GtZEBgaqRPGSzS3DfPuiXrURJ4AJS\\",\\"WAVES/8LQW8f7P5d5PZM7GtZEBgaqRPGSzS3DfPuiXrURJ4AJS\\",\\"WAVES/8LQW8f7P5d5PZM7GtZEBgaqRPGSzS3DfPuiXrURJ4AJS\\",\\"WAVES/8LQW8f7P5d5PZM7GtZEBgaqRPGSzS3DfPuiXrURJ4AJS\\",\\"WAVES/8LQW8f7P5d5PZM7GtZEBgaqRPGSzS3DfPuiXrURJ4AJS\\",\\"WAVES/8LQW8f7P5d5PZM7GtZEBgaqRPGSzS3DfPuiXrURJ4AJS\\",\\"WAVES/8LQW8f7P5d5PZM7GtZEBgaqRPGSzS3DfPuiXrURJ4AJS\\",\\"WAVES/8LQW8f7P5d5PZM7GtZEBgaqRPGSzS3DfPuiXrURJ4AJS\\",\\"WAVES/8LQW8f7P5d5PZM7GtZEBgaqRPGSzS3DfPuiXrURJ4AJS\\",\\"WAVES/8LQW8f7P5d5PZM7GtZEBgaqRPGSzS3DfPuiXrURJ4AJS\\",\\"WAVES/8LQW8f7P5d5PZM7GtZEBgaqRPGSzS3DfPuiXrURJ4AJS\\",\\"WAVES/8LQW8f7P5d5PZM7GtZEBgaqRPGSzS3DfPuiXrURJ4AJS\\",\\"WAVES/8LQW8f7P5d5PZM7GtZEBgaqRPGSzS3DfPuiXrURJ4AJS\\",\\"WAVES/8LQW8f7P5d5PZM7GtZEBgaqRPGSzS3DfPuiXrURJ4AJS\\",\\"WAVES/8LQW8f7P5d5PZM7GtZEBgaqRPGSzS3DfPuiXrURJ4AJS\\",\\"WAVES/8LQW8f7P5d5PZM7GtZEBgaqRPGSzS3DfPuiXrURJ4AJS\\",\\"WAVES/8LQW8f7P5d5PZM7GtZEBgaqRPGSzS3DfPuiXrURJ4AJS\\",\\"WAVES/8LQW8f7P5d5PZM7GtZEBgaqRPGSzS3DfPuiXrURJ4AJS\\",\\"WAVES/8LQW8f7P5d5PZM7GtZEBgaqRPGSzS3DfPuiXrURJ4AJS\\",\\"WAVES/8LQW8f7P5d5PZM7GtZEBgaqRPGSzS3DfPuiXrURJ4AJS\\",\\"WAVES/8LQW8f7P5d5PZM7GtZEBgaqRPGSzS3DfPuiXrURJ4AJS\\",\\"WAVES/8LQW8f7P5d5PZM7GtZEBgaqRPGSzS3DfPuiXrURJ4AJS\\",\\"WAVES/8LQW8f7P5d5PZM7GtZEBgaqRPGSzS3DfPuiXrURJ4AJS\\",\\"WAVES/8LQW8f7P5d5PZM7GtZEBgaqRPGSzS3DfPuiXrURJ4AJS\\",\\"WAVES/8LQW8f7P5d5PZM7GtZEBgaqRPGSzS3DfPuiXrURJ4AJS\\",\\"WAVES/8LQW8f7P5d5PZM7GtZEBgaqRPGSzS3DfPuiXrURJ4AJS\\",\\"WAVES/8LQW8f7P5d5PZM7GtZEBgaqRPGSzS3DfPuiXrURJ4AJS\\",\\"WAVES/8LQW8f7P5d5PZM7GtZEBgaqRPGSzS3DfPuiXrURJ4AJS\\",\\"WAVES/8LQW8f7P5d5PZM7GtZEBgaqRPGSzS3DfPuiXrURJ4AJS\\",\\"WAVES/8LQW8f7P5d5PZM7GtZEBgaqRPGSzS3DfPuiXrURJ4AJS\\",\\"WAVES/8LQW8f7P5d5PZM7GtZEBgaqRPGSzS3DfPuiXrURJ4AJS\\",\\"WAVES/8LQW8f7P5d5PZM7GtZEBgaqRPGSzS3DfPuiXrURJ4AJS\\",\\"WAVES/8LQW8f7P5d5PZM7GtZEBgaqRPGSzS3DfPuiXrURJ4AJS\\",\\"WAVES/8LQW8f7P5d5PZM7GtZEBgaqRPGSzS3DfPuiXrURJ4AJS\\",\\"WAVES/8LQW8f7P5d5PZM7GtZEBgaqRPGSzS3DfPuiXrURJ4AJS\\",\\"WAVES/8LQW8f7P5d5PZM7GtZEBgaqRPGSzS3DfPuiXrURJ4AJS\\",\\"WAVES/8LQW8f7P5d5PZM7GtZEBgaqRPGSzS3DfPuiXrURJ4AJS\\",\\"WAVES/8LQW8f7P5d5PZM7GtZEBgaqRPGSzS3DfPuiXrURJ4AJS\\",\\"WAVES/8LQW8f7P5d5PZM7GtZEBgaqRPGSzS3DfPuiXrURJ4AJS\\",\\"WAVES/8LQW8f7P5d5PZM7GtZEBgaqRPGSzS3DfPuiXrURJ4AJS\\",\\"WAVES/8LQW8f7P5d5PZM7GtZEBgaqRPGSzS3DfPuiXrURJ4AJS\\",\\"WAVES/8LQW8f7P5d5PZM7GtZEBgaqRPGSzS3DfPuiXrURJ4AJS\\",\\"WAVES/8LQW8f7P5d5PZM7GtZEBgaqRPGSzS3DfPuiXrURJ4AJS\\",\\"WAVES/8LQW8f7P5d5PZM7GtZEBgaqRPGSzS3DfPuiXrURJ4AJS\\",\\"WAVES/8LQW8f7P5d5PZM7GtZEBgaqRPGSzS3DfPuiXrURJ4AJS\\",\\"WAVES/8LQW8f7P5d5PZM7GtZEBgaqRPGSzS3DfPuiXrURJ4AJS\\",\\"WAVES/8LQW8f7P5d5PZM7GtZEBgaqRPGSzS3DfPuiXrURJ4AJS\\",\\"WAVES/8LQW8f7P5d5PZM7GtZEBgaqRPGSzS3DfPuiXrURJ4AJS\\",\\"WAVES/8LQW8f7P5d5PZM7GtZEBgaqRPGSzS3DfPuiXrURJ4AJS\\",\\"WAVES/8LQW8f7P5d5PZM7GtZEBgaqRPGSzS3DfPuiXrURJ4AJS\\",\\"WAVES/8LQW8f7P5d5PZM7GtZEBgaqRPGSzS3DfPuiXrURJ4AJS\\",\\"WAVES/8LQW8f7P5d5PZM7GtZEBgaqRPGSzS3DfPuiXrURJ4AJS\\",\\"WAVES/8LQW8f7P5d5PZM7GtZEBgaqRPGSzS3DfPuiXrURJ4AJS\\",\\"WAVES/8LQW8f7P5d5PZM7GtZEBgaqRPGSzS3DfPuiXrURJ4AJS\\",\\"WAVES/8LQW8f7P5d5PZM7GtZEBgaqRPGSzS3DfPuiXrURJ4AJS\\",\\"WAVES/8LQW8f7P5d5PZM7GtZEBgaqRPGSzS3DfPuiXrURJ4AJS\\",\\"WAVES/8LQW8f7P5d5PZM7GtZEBgaqRPGSzS3DfPuiXrURJ4AJS\\",\\"WAVES/8LQW8f7P5d5PZM7GtZEBgaqRPGSzS3DfPuiXrURJ4AJS\\",\\"WAVES/8LQW8f7P5d5PZM7GtZEBgaqRPGSzS3DfPuiXrURJ4AJS\\",\\"WAVES/8LQW8f7P5d5PZM7GtZEBgaqRPGSzS3DfPuiXrURJ4AJS\\",\\"WAVES/8LQW8f7P5d5PZM7GtZEBgaqRPGSzS3DfPuiXrURJ4AJS\\",\\"WAVES/8LQW8f7P5d5PZM7GtZEBgaqRPGSzS3DfPuiXrURJ4AJS\\",\\"WAVES/8LQW8f7P5d5PZM7GtZEBgaqRPGSzS3DfPuiXrURJ4AJS\\",\\"WAVES/8LQW8f7P5d5PZM7GtZEBgaqRPGSzS3DfPuiXrURJ4AJS\\",\\"WAVES/8LQW8f7P5d5PZM7GtZEBgaqRPGSzS3DfPuiXrURJ4AJS\\",\\"WAVES/8LQW8f7P5d5PZM7GtZEBgaqRPGSzS3DfPuiXrURJ4AJS\\",\\"WAVES/8LQW8f7P5d5PZM7GtZEBgaqRPGSzS3DfPuiXrURJ4AJS\\",\\"WAVES/8LQW8f7P5d5PZM7GtZEBgaqRPGSzS3DfPuiXrURJ4AJS\\",\\"WAVES/8LQW8f7P5d5PZM7GtZEBgaqRPGSzS3DfPuiXrURJ4AJS\\",\\"WAVES/8LQW8f7P5d5PZM7GtZEBgaqRPGSzS3DfPuiXrURJ4AJS\\",\\"WAVES/8LQW8f7P5d5PZM7GtZEBgaqRPGSzS3DfPuiXrURJ4AJS\\",\\"WAVES/8LQW8f7P5d5PZM7GtZEBgaqRPGSzS3DfPuiXrURJ4AJS\\",\\"WAVES/8LQW8f7P5d5PZM7GtZEBgaqRPGSzS3DfPuiXrURJ4AJS\\",\\"WAVES/8LQW8f7P5d5PZM7GtZEBgaqRPGSzS3DfPuiXrURJ4AJS\\",\\"WAVES/8LQW8f7P5d5PZM7GtZEBgaqRPGSzS3DfPuiXrURJ4AJS\\",\\"WAVES/8LQW8f7P5d5PZM7GtZEBgaqRPGSzS3DfPuiXrURJ4AJS\\",\\"WAVES/8LQW8f7P5d5PZM7GtZEBgaqRPGSzS3DfPuiXrURJ4AJS\\",\\"WAVES/8LQW8f7P5d5PZM7GtZEBgaqRPGSzS3DfPuiXrURJ4AJS\\",\\"WAVES/8LQW8f7P5d5PZM7GtZEBgaqRPGSzS3DfPuiXrURJ4AJS\\",\\"WAVES/8LQW8f7P5d5PZM7GtZEBgaqRPGSzS3DfPuiXrURJ4AJS\\",\\"WAVES/8LQW8f7P5d5PZM7GtZEBgaqRPGSzS3DfPuiXrURJ4AJS\\",\\"WAVES/8LQW8f7P5d5PZM7GtZEBgaqRPGSzS3DfPuiXrURJ4AJS\\",\\"WAVES/8LQW8f7P5d5PZM7GtZEBgaqRPGSzS3DfPuiXrURJ4AJS\\",\\"WAVES/8LQW8f7P5d5PZM7GtZEBgaqRPGSzS3DfPuiXrURJ4AJS\\",\\"WAVES/8LQW8f7P5d5PZM7GtZEBgaqRPGSzS3DfPuiXrURJ4AJS\\",\\"WAVES/8LQW8f7P5d5PZM7GtZEBgaqRPGSzS3DfPuiXrURJ4AJS\\",\\"WAVES/8LQW8f7P5d5PZM7GtZEBgaqRPGSzS3DfPuiXrURJ4AJS\\",\\"WAVES/8LQW8f7P5d5PZM7GtZEBgaqRPGSzS3DfPuiXrURJ4AJS\\",\\"WAVES/8LQW8f7P5d5PZM7GtZEBgaqRPGSzS3DfPuiXrURJ4AJS\\",\\"WAVES/8LQW8f7P5d5PZM7GtZEBgaqRPGSzS3DfPuiXrURJ4AJS\\",\\"WAVES/8LQW8f7P5d5PZM7GtZEBgaqRPGSzS3DfPuiXrURJ4AJS\\",\\"WAVES/8LQW8f7P5d5PZM7GtZEBgaqRPGSzS3DfPuiXrURJ4AJS\\",\\"WAVES/8LQW8f7P5d5PZM7GtZEBgaqRPGSzS3DfPuiXrURJ4AJS\\",\\"WAVES/8LQW8f7P5d5PZM7GtZEBgaqRPGSzS3DfPuiXrURJ4AJS\\",\\"WAVES/8LQW8f7P5d5PZM7GtZEBgaqRPGSzS3DfPuiXrURJ4AJS\\",\\"WAVES/8LQW8f7P5d5PZM7GtZEBgaqRPGSzS3DfPuiXrURJ4AJS\\",\\"WAVES/8LQW8f7P5d5PZM7GtZEBgaqRPGSzS3DfPuiXrURJ4AJS\\",\\"WAVES/8LQW8f7P5d5PZM7GtZEBgaqRPGSzS3DfPuiXrURJ4AJS\\",\\"WAVES/8LQW8f7P5d5PZM7GtZEBgaqRPGSzS3DfPuiXrURJ4AJS\\",\\"WAVES/8LQW8f7P5d5PZM7GtZEBgaqRPGSzS3DfPuiXrURJ4AJS\\",\\"WAVES/8LQW8f7P5d5PZM7GtZEBgaqRPGSzS3DfPuiXrURJ4AJS\\",\\"WAVES/8LQW8f7P5d5PZM7GtZEBgaqRPGSzS3DfPuiXrURJ4AJS\\",\\"WAVES/8LQW8f7P5d5PZM7GtZEBgaqRPGSzS3DfPuiXrURJ4AJS\\",\\"WAVES/8LQW8f7P5d5PZM7GtZEBgaqRPGSzS3DfPuiXrURJ4AJS\\",\\"WAVES/8LQW8f7P5d5PZM7GtZEBgaqRPGSzS3DfPuiXrURJ4AJS\\",\\"WAVES/8LQW8f7P5d5PZM7GtZEBgaqRPGSzS3DfPuiXrURJ4AJS\\",\\"WAVES/8LQW8f7P5d5PZM7GtZEBgaqRPGSzS3DfPuiXrURJ4AJS\\",\\"WAVES/8LQW8f7P5d5PZM7GtZEBgaqRPGSzS3DfPuiXrURJ4AJS\\",\\"WAVES/8LQW8f7P5d5PZM7GtZEBgaqRPGSzS3DfPuiXrURJ4AJS\\",\\"WAVES/8LQW8f7P5d5PZM7GtZEBgaqRPGSzS3DfPuiXrURJ4AJS\\",\\"WAVES/8LQW8f7P5d5PZM7GtZEBgaqRPGSzS3DfPuiXrURJ4AJS\\",\\"WAVES/8LQW8f7P5d5PZM7GtZEBgaqRPGSzS3DfPuiXrURJ4AJS\\",\\"WAVES/8LQW8f7P5d5PZM7GtZEBgaqRPGSzS3DfPuiXrURJ4AJS\\",\\"WAVES/8LQW8f7P5d5PZM7GtZEBgaqRPGSzS3DfPuiXrURJ4AJS\\",\\"WAVES/8LQW8f7P5d5PZM7GtZEBgaqRPGSzS3DfPuiXrURJ4AJS\\",\\"WAVES/8LQW8f7P5d5PZM7GtZEBgaqRPGSzS3DfPuiXrURJ4AJS\\",\\"WAVES/8LQW8f7P5d5PZM7GtZEBgaqRPGSzS3DfPuiXrURJ4AJS\\",\\"WAVES/8LQW8f7P5d5PZM7GtZEBgaqRPGSzS3DfPuiXrURJ4AJS\\",\\"WAVES/8LQW8f7P5d5PZM7GtZEBgaqRPGSzS3DfPuiXrURJ4AJS\\",\\"WAVES/8LQW8f7P5d5PZM7GtZEBgaqRPGSzS3DfPuiXrURJ4AJS\\",\\"WAVES/8LQW8f7P5d5PZM7GtZEBgaqRPGSzS3DfPuiXrURJ4AJS\\",\\"WAVES/8LQW8f7P5d5PZM7GtZEBgaqRPGSzS3DfPuiXrURJ4AJS\\",\\"WAVES/8LQW8f7P5d5PZM7GtZEBgaqRPGSzS3DfPuiXrURJ4AJS\\",\\"WAVES/8LQW8f7P5d5PZM7GtZEBgaqRPGSzS3DfPuiXrURJ4AJS\\",\\"WAVES/8LQW8f7P5d5PZM7GtZEBgaqRPGSzS3DfPuiXrURJ4AJS\\",\\"WAVES/8LQW8f7P5d5PZM7GtZEBgaqRPGSzS3DfPuiXrURJ4AJS\\",\\"WAVES/8LQW8f7P5d5PZM7GtZEBgaqRPGSzS3DfPuiXrURJ4AJS\\",\\"WAVES/8LQW8f7P5d5PZM7GtZEBgaqRPGSzS3DfPuiXrURJ4AJS\\",\\"WAVES/8LQW8f7P5d5PZM7GtZEBgaqRPGSzS3DfPuiXrURJ4AJS\\",\\"WAVES/8LQW8f7P5d5PZM7GtZEBgaqRPGSzS3DfPuiXrURJ4AJS\\",\\"WAVES/8LQW8f7P5d5PZM7GtZEBgaqRPGSzS3DfPuiXrURJ4AJS\\",\\"WAVES/8LQW8f7P5d5PZM7GtZEBgaqRPGSzS3DfPuiXrURJ4AJS\\",\\"WAVES/8LQW8f7P5d5PZM7GtZEBgaqRPGSzS3DfPuiXrURJ4AJS\\",\\"WAVES/8LQW8f7P5d5PZM7GtZEBgaqRPGSzS3DfPuiXrURJ4AJS\\",\\"WAVES/8LQW8f7P5d5PZM7GtZEBgaqRPGSzS3DfPuiXrURJ4AJS\\",\\"WAVES/8LQW8f7P5d5PZM7GtZEBgaqRPGSzS3DfPuiXrURJ4AJS\\",\\"WAVES/8LQW8f7P5d5PZM7GtZEBgaqRPGSzS3DfPuiXrURJ4AJS\\",\\"WAVES/8LQW8f7P5d5PZM7GtZEBgaqRPGSzS3DfPuiXrURJ4AJS\\",\\"WAVES/8LQW8f7P5d5PZM7GtZEBgaqRPGSzS3DfPuiXrURJ4AJS\\",\\"WAVES/8LQW8f7P5d5PZM7GtZEBgaqRPGSzS3DfPuiXrURJ4AJS\\",\\"WAVES/8LQW8f7P5d5PZM7GtZEBgaqRPGSzS3DfPuiXrURJ4AJS\\",\\"WAVES/8LQW8f7P5d5PZM7GtZEBgaqRPGSzS3DfPuiXrURJ4AJS\\",\\"WAVES/8LQW8f7P5d5PZM7GtZEBgaqRPGSzS3DfPuiXrURJ4AJS\\",\\"WAVES/8LQW8f7P5d5PZM7GtZEBgaqRPGSzS3DfPuiXrURJ4AJS\\",\\"WAVES/8LQW8f7P5d5PZM7GtZEBgaqRPGSzS3DfPuiXrURJ4AJS\\",\\"WAVES/8LQW8f7P5d5PZM7GtZEBgaqRPGSzS3DfPuiXrURJ4AJS\\",\\"WAVES/8LQW8f7P5d5PZM7GtZEBgaqRPGSzS3DfPuiXrURJ4AJS\\",\\"WAVES/8LQW8f7P5d5PZM7GtZEBgaqRPGSzS3DfPuiXrURJ4AJS\\",\\"WAVES/8LQW8f7P5d5PZM7GtZEBgaqRPGSzS3DfPuiXrURJ4AJS\\",\\"WAVES/8LQW8f7P5d5PZM7GtZEBgaqRPGSzS3DfPuiXrURJ4AJS\\",\\"WAVES/8LQW8f7P5d5PZM7GtZEBgaqRPGSzS3DfPuiXrURJ4AJS\\",\\"WAVES/8LQW8f7P5d5PZM7GtZEBgaqRPGSzS3DfPuiXrURJ4AJS\\",\\"WAVES/8LQW8f7P5d5PZM7GtZEBgaqRPGSzS3DfPuiXrURJ4AJS\\",\\"WAVES/8LQW8f7P5d5PZM7GtZEBgaqRPGSzS3DfPuiXrURJ4AJS\\",\\"WAVES/8LQW8f7P5d5PZM7GtZEBgaqRPGSzS3DfPuiXrURJ4AJS\\",\\"WAVES/8LQW8f7P5d5PZM7GtZEBgaqRPGSzS3DfPuiXrURJ4AJS\\",\\"WAVES/8LQW8f7P5d5PZM7GtZEBgaqRPGSzS3DfPuiXrURJ4AJS\\",\\"WAVES/8LQW8f7P5d5PZM7GtZEBgaqRPGSzS3DfPuiXrURJ4AJS\\",\\"WAVES/8LQW8f7P5d5PZM7GtZEBgaqRPGSzS3DfPuiXrURJ4AJS\\",\\"WAVES/8LQW8f7P5d5PZM7GtZEBgaqRPGSzS3DfPuiXrURJ4AJS\\",\\"WAVES/8LQW8f7P5d5PZM7GtZEBgaqRPGSzS3DfPuiXrURJ4AJS\\",\\"WAVES/8LQW8f7P5d5PZM7GtZEBgaqRPGSzS3DfPuiXrURJ4AJS\\",\\"WAVES/8LQW8f7P5d5PZM7GtZEBgaqRPGSzS3DfPuiXrURJ4AJS\\",\\"WAVES/8LQW8f7P5d5PZM7GtZEBgaqRPGSzS3DfPuiXrURJ4AJS\\",\\"WAVES/8LQW8f7P5d5PZM7GtZEBgaqRPGSzS3DfPuiXrURJ4AJS\\",\\"WAVES/8LQW8f7P5d5PZM7GtZEBgaqRPGSzS3DfPuiXrURJ4AJS\\",\\"WAVES/8LQW8f7P5d5PZM7GtZEBgaqRPGSzS3DfPuiXrURJ4AJS\\",\\"WAVES/8LQW8f7P5d5PZM7GtZEBgaqRPGSzS3DfPuiXrURJ4AJS\\",\\"WAVES/8LQW8f7P5d5PZM7GtZEBgaqRPGSzS3DfPuiXrURJ4AJS\\",\\"WAVES/8LQW8f7P5d5PZM7GtZEBgaqRPGSzS3DfPuiXrURJ4AJS\\",\\"WAVES/8LQW8f7P5d5PZM7GtZEBgaqRPGSzS3DfPuiXrURJ4AJS\\",\\"WAVES/8LQW8f7P5d5PZM7GtZEBgaqRPGSzS3DfPuiXrURJ4AJS\\",\\"WAVES/8LQW8f7P5d5PZM7GtZEBgaqRPGSzS3DfPuiXrURJ4AJS\\",\\"WAVES/8LQW8f7P5d5PZM7GtZEBgaqRPGSzS3DfPuiXrURJ4AJS\\",\\"WAVES/8LQW8f7P5d5PZM7GtZEBgaqRPGSzS3DfPuiXrURJ4AJS\\",\\"WAVES/8LQW8f7P5d5PZM7GtZEBgaqRPGSzS3DfPuiXrURJ4AJS\\",\\"WAVES/8LQW8f7P5d5PZM7GtZEBgaqRPGSzS3DfPuiXrURJ4AJS\\",\\"WAVES/8LQW8f7P5d5PZM7GtZEBgaqRPGSzS3DfPuiXrURJ4AJS\\",\\"WAVES/8LQW8f7P5d5PZM7GtZEBgaqRPGSzS3DfPuiXrURJ4AJS\\",\\"WAVES/8LQW8f7P5d5PZM7GtZEBgaqRPGSzS3DfPuiXrURJ4AJS\\",\\"WAVES/8LQW8f7P5d5PZM7GtZEBgaqRPGSzS3DfPuiXrURJ4AJS\\",\\"WAVES/8LQW8f7P5d5PZM7GtZEBgaqRPGSzS3DfPuiXrURJ4AJS\\",\\"WAVES/8LQW8f7P5d5PZM7GtZEBgaqRPGSzS3DfPuiXrURJ4AJS\\",\\"WAVES/8LQW8f7P5d5PZM7GtZEBgaqRPGSzS3DfPuiXrURJ4AJS\\",\\"WAVES/8LQW8f7P5d5PZM7GtZEBgaqRPGSzS3DfPuiXrURJ4AJS\\",\\"WAVES/8LQW8f7P5d5PZM7GtZEBgaqRPGSzS3DfPuiXrURJ4AJS\\",\\"WAVES/8LQW8f7P5d5PZM7GtZEBgaqRPGSzS3DfPuiXrURJ4AJS\\",\\"WAVES/8LQW8f7P5d5PZM7GtZEBgaqRPGSzS3DfPuiXrURJ4AJS\\",\\"WAVES/8LQW8f7P5d5PZM7GtZEBgaqRPGSzS3DfPuiXrURJ4AJS\\",\\"WAVES/8LQW8f7P5d5PZM7GtZEBgaqRPGSzS3DfPuiXrURJ4AJS\\",\\"WAVES/8LQW8f7P5d5PZM7GtZEBgaqRPGSzS3DfPuiXrURJ4AJS\\",\\"WAVES/8LQW8f7P5d5PZM7GtZEBgaqRPGSzS3DfPuiXrURJ4AJS\\",\\"WAVES/8LQW8f7P5d5PZM7GtZEBgaqRPGSzS3DfPuiXrURJ4AJS\\",\\"WAVES/8LQW8f7P5d5PZM7GtZEBgaqRPGSzS3DfPuiXrURJ4AJS\\",\\"WAVES/8LQW8f7P5d5PZM7GtZEBgaqRPGSzS3DfPuiXrURJ4AJS\\",\\"WAVES/8LQW8f7P5d5PZM7GtZEBgaqRPGSzS3DfPuiXrURJ4AJS\\",\\"WAVES/8LQW8f7P5d5PZM7GtZEBgaqRPGSzS3DfPuiXrURJ4AJS\\",\\"WAVES/8LQW8f7P5d5PZM7GtZEBgaqRPGSzS3DfPuiXrURJ4AJS\\",\\"WAVES/8LQW8f7P5d5PZM7GtZEBgaqRPGSzS3DfPuiXrURJ4AJS\\",\\"WAVES/8LQW8f7P5d5PZM7GtZEBgaqRPGSzS3DfPuiXrURJ4AJS\\",\\"WAVES/8LQW8f7P5d5PZM7GtZEBgaqRPGSzS3DfPuiXrURJ4AJS\\",\\"WAVES/8LQW8f7P5d5PZM7GtZEBgaqRPGSzS3DfPuiXrURJ4AJS\\",\\"WAVES/8LQW8f7P5d5PZM7GtZEBgaqRPGSzS3DfPuiXrURJ4AJS\\",\\"WAVES/8LQW8f7P5d5PZM7GtZEBgaqRPGSzS3DfPuiXrURJ4AJS\\",\\"WAVES/8LQW8f7P5d5PZM7GtZEBgaqRPGSzS3DfPuiXrURJ4AJS\\",\\"WAVES/8LQW8f7P5d5PZM7GtZEBgaqRPGSzS3DfPuiXrURJ4AJS\\",\\"WAVES/8LQW8f7P5d5PZM7GtZEBgaqRPGSzS3DfPuiXrURJ4AJS\\",\\"WAVES/8LQW8f7P5d5PZM7GtZEBgaqRPGSzS3DfPuiXrURJ4AJS\\",\\"WAVES/8LQW8f7P5d5PZM7GtZEBgaqRPGSzS3DfPuiXrURJ4AJS\\",\\"WAVES/8LQW8f7P5d5PZM7GtZEBgaqRPGSzS3DfPuiXrURJ4AJS\\",\\"WAVES/8LQW8f7P5d5PZM7GtZEBgaqRPGSzS3DfPuiXrURJ4AJS\\",\\"WAVES/8LQW8f7P5d5PZM7GtZEBgaqRPGSzS3DfPuiXrURJ4AJS\\",\\"WAVES/8LQW8f7P5d5PZM7GtZEBgaqRPGSzS3DfPuiXrURJ4AJS\\",\\"WAVES/8LQW8f7P5d5PZM7GtZEBgaqRPGSzS3DfPuiXrURJ4AJS\\",\\"WAVES/8LQW8f7P5d5PZM7GtZEBgaqRPGSzS3DfPuiXrURJ4AJS\\",\\"WAVES/8LQW8f7P5d5PZM7GtZEBgaqRPGSzS3DfPuiXrURJ4AJS\\",\\"WAVES/8LQW8f7P5d5PZM7GtZEBgaqRPGSzS3DfPuiXrURJ4AJS\\",\\"WAVES/8LQW8f7P5d5PZM7GtZEBgaqRPGSzS3DfPuiXrURJ4AJS\\",\\"WAVES/8LQW8f7P5d5PZM7GtZEBgaqRPGSzS3DfPuiXrURJ4AJS\\",\\"WAVES/8LQW8f7P5d5PZM7GtZEBgaqRPGSzS3DfPuiXrURJ4AJS\\",\\"WAVES/8LQW8f7P5d5PZM7GtZEBgaqRPGSzS3DfPuiXrURJ4AJS\\",\\"WAVES/8LQW8f7P5d5PZM7GtZEBgaqRPGSzS3DfPuiXrURJ4AJS\\",\\"WAVES/8LQW8f7P5d5PZM7GtZEBgaqRPGSzS3DfPuiXrURJ4AJS\\",\\"WAVES/8LQW8f7P5d5PZM7GtZEBgaqRPGSzS3DfPuiXrURJ4AJS\\",\\"WAVES/8LQW8f7P5d5PZM7GtZEBgaqRPGSzS3DfPuiXrURJ4AJS\\",\\"WAVES/8LQW8f7P5d5PZM7GtZEBgaqRPGSzS3DfPuiXrURJ4AJS\\",\\"WAVES/8LQW8f7P5d5PZM7GtZEBgaqRPGSzS3DfPuiXrURJ4AJS\\",\\"WAVES/8LQW8f7P5d5PZM7GtZEBgaqRPGSzS3DfPuiXrURJ4AJS\\",\\"WAVES/8LQW8f7P5d5PZM7GtZEBgaqRPGSzS3DfPuiXrURJ4AJS\\",\\"WAVES/8LQW8f7P5d5PZM7GtZEBgaqRPGSzS3DfPuiXrURJ4AJS\\",\\"WAVES/8LQW8f7P5d5PZM7GtZEBgaqRPGSzS3DfPuiXrURJ4AJS\\",\\"WAVES/8LQW8f7P5d5PZM7GtZEBgaqRPGSzS3DfPuiXrURJ4AJS\\",\\"WAVES/8LQW8f7P5d5PZM7GtZEBgaqRPGSzS3DfPuiXrURJ4AJS\\",\\"WAVES/8LQW8f7P5d5PZM7GtZEBgaqRPGSzS3DfPuiXrURJ4AJS\\",\\"WAVES/8LQW8f7P5d5PZM7GtZEBgaqRPGSzS3DfPuiXrURJ4AJS\\",\\"WAVES/8LQW8f7P5d5PZM7GtZEBgaqRPGSzS3DfPuiXrURJ4AJS\\",\\"WAVES/8LQW8f7P5d5PZM7GtZEBgaqRPGSzS3DfPuiXrURJ4AJS\\"],\\"matcher\\":\\"3PJjwFREg8F9V6Cp9fnUuEwRts6HQQa5nfP\\"}",
    "headers": Object {
      "Accept": "application/json, text/plain, */*",
      "Content-Type": "application/json",
    },
    "method": "POST",
  },
]
`;

exports[`Pagination:  works 1`] = `
Array [
  Array [
    "NODE_URL/transactions/exchange?sort=asc&limit=1",
    Object {
      "method": "GET",
    },
  ],
  Array [
    "NODE_URL/transactions/exchange?sort=asc&limit=1&after=cursor",
    Object {
      "method": "GET",
    },
  ],
]
`;

exports[`Pairs endpoint:  fetch is called with correct params#1 1`] = `
Array [
  "NODE_URL/pairs?pairs=WAVES/8LQW8f7P5d5PZM7GtZEBgaqRPGSzS3DfPuiXrURJ4AJS&pairs=WAVES/474jTeYx2r2Va35794tCScAXWJG9hU2HcgxzMowaZUnu&matcher=3PJjwFREg8F9V6Cp9fnUuEwRts6HQQa5nfP",
  Object {
    "method": "GET",
  },
]
`;

exports[`Pairs endpoint:  fetch is called with correct params#2 1`] = `
Array [
  "NODE_URL/pairs?&matcher=3PJjwFREg8F9V6Cp9fnUuEwRts6HQQa5nfP",
  Object {
    "method": "GET",
  },
]
`;

exports[`TransferTxs endpoint:  works with (empty call) 1`] = `
Array [
  "NODE_URL/transactions/transfer",
  Object {
    "method": "GET",
  },
]
`;

exports[`TransferTxs endpoint:  works with (single string) 1`] = `
Array [
  "NODE_URL/transactions/transfer/some id",
  Object {
    "method": "GET",
  },
]
`;

exports[`TransferTxs endpoint:  works with (with all filters) 1`] = `
Array [
  "NODE_URL/transactions/transfer?assetId=assetId&sender=sender&recipient=recipient&timeStart=2016-02-01&timeEnd=2016-03-01&limit=5&sort=-some",
  Object {
    "method": "GET",
  },
]
`;

exports[`TransferTxs endpoint:  works with (with one filter) 1`] = `
Array [
  "NODE_URL/transactions/transfer?timeStart=2016-01-01",
  Object {
    "method": "GET",
  },
]
`;
